Copyright 1986-2019 Xilinx, Inc. All Rights Reserved.
------------------------------------------------------------------------------------
| Tool Version : Vivado v.2019.1 (win64) Build 2552052 Fri May 24 14:49:42 MDT 2019
| Date         : Tue Jun 23 10:41:58 2026
| Host         : hp-VICTUS running 64-bit major release  (build 9200)
| Command      : report_control_sets -verbose -file top_control_sets_placed.rpt
| Design       : top
| Device       : xc7a35t
------------------------------------------------------------------------------------

Control Set Information

Table of Contents
-----------------
1. Summary
2. Histogram
3. Flip-Flop Distribution
4. Detailed Control Set Information

1. Summary
----------

+----------------------------------------------------------+-------+
|                          Status                          | Count |
+----------------------------------------------------------+-------+
| Total control sets                                       |    39 |
|    Minimum number of control sets                        |    39 |
|    Addition due to synthesis replication                 |     0 |
|    Addition due to physical synthesis replication        |     0 |
| Unused register locations in slices containing registers |    47 |
+----------------------------------------------------------+-------+
* Control sets can be merged at opt_design using control_set_merge or merge_equivalent_drivers
** Run report_qor_suggestions for automated merging and remapping suggestions


2. Histogram
------------

+--------------------+-------+
|       Fanout       | Count |
+--------------------+-------+
| Total control sets |    39 |
| >= 0 to < 4        |     0 |
| >= 4 to < 6        |     4 |
| >= 6 to < 8        |     1 |
| >= 8 to < 10       |     4 |
| >= 10 to < 12      |     0 |
| >= 12 to < 14      |     1 |
| >= 14 to < 16      |     0 |
| >= 16              |    29 |
+--------------------+-------+
* Control sets can be remapped at either synth_design or opt_design


3. Flip-Flop Distribution
-------------------------

+--------------+-----------------------+------------------------+-----------------+--------------+
| Clock Enable | Synchronous Set/Reset | Asynchronous Set/Reset | Total Registers | Total Slices |
+--------------+-----------------------+------------------------+-----------------+--------------+
| No           | No                    | No                     |              59 |           27 |
| No           | No                    | Yes                    |               0 |            0 |
| No           | Yes                   | No                     |              43 |           25 |
| Yes          | No                    | No                     |             277 |          109 |
| Yes          | No                    | Yes                    |               0 |            0 |
| Yes          | Yes                   | No                     |             142 |           57 |
+--------------+-----------------------+------------------------+-----------------+--------------+


4. Detailed Control Set Information
-----------------------------------

+----------------+--------------------------------------------------+--------------------------------------+------------------+----------------+
|  Clock Signal  |                   Enable Signal                  |           Set/Reset Signal           | Slice Load Count | Bel Load Count |
+----------------+--------------------------------------------------+--------------------------------------+------------------+----------------+
|  clk_IBUF_BUFG | soc_inst/cpu/mem_addr_reg[3]_1[0]                |                                      |                1 |              4 |
|  clk_IBUF_BUFG | soc_inst/cpu/instr_lui0                          | soc_inst/cpu/is_sb_sh_sw_i_1_n_0     |                1 |              4 |
|  clk_IBUF_BUFG | soc_inst/cpu/latched_rd[4]_i_2_n_0               | soc_inst/cpu/E[0]                    |                2 |              5 |
|  clk_IBUF_BUFG | soc_inst/cpu/is_lui_auipc_jal_jalr_addi_add_sub0 | soc_inst/cpu/instr_lhu_i_1_n_0       |                2 |              5 |
|  clk_IBUF_BUFG | soc_inst/cpu/cpu_state[7]_i_2_n_0                | soc_inst/cpu/cpu_state[7]_i_1_n_0    |                2 |              7 |
|  clk_IBUF_BUFG | soc_inst/cpu/mem_valid_reg_0                     |                                      |                5 |              8 |
|  clk_IBUF_BUFG | soc_inst/cpu/E[0]                                |                                      |                2 |              8 |
|  clk_IBUF_BUFG | soc_inst/cpu/mem_addr_reg[3]_0[0]                |                                      |                4 |              8 |
|  clk_IBUF_BUFG | soc_inst/cpu/mem_addr_reg[3]_2[0]                |                                      |                1 |              8 |
|  clk_IBUF_BUFG | soc_inst/cpu/is_lui_auipc_jal_jalr_addi_add_sub0 | soc_inst/cpu/decoded_imm[31]_i_1_n_0 |                2 |             12 |
|  clk_IBUF_BUFG | soc_inst/cpu/is_lui_auipc_jal_jalr_addi_add_sub0 | soc_inst/cpu/E[0]                    |                7 |             23 |
|  clk_IBUF_BUFG | soc_inst/cpu/mem_valid_reg_0                     | soc_inst/cpu/mem_ready_reg           |               24 |             24 |
|  clk_IBUF_BUFG | soc_inst/cpu/mem_xfer                            |                                      |                8 |             25 |
|  clk_IBUF_BUFG | soc_inst/cpu/is_lui_auipc_jal_jalr_addi_add_sub0 |                                      |               13 |             29 |
|  clk_IBUF_BUFG | soc_inst/cpu/mem_addr_reg[10]_3                  |                                      |                8 |             32 |
|  clk_IBUF_BUFG | soc_inst/cpu/mem_addr_reg[11]_0                  |                                      |                8 |             32 |
|  clk_IBUF_BUFG | soc_inst/cpu/mem_addr_reg[10]_2                  |                                      |                8 |             32 |
|  clk_IBUF_BUFG | soc_inst/cpu/mem_addr_reg[11]_5                  |                                      |                8 |             32 |
|  clk_IBUF_BUFG | soc_inst/cpu/mem_ready_reg_2                     |                                      |                8 |             32 |
|  clk_IBUF_BUFG | soc_inst/cpu/mem_wdata[31]_i_1_n_0               |                                      |                9 |             32 |
|  clk_IBUF_BUFG | soc_inst/cpu/mem_ready_reg_7                     |                                      |                8 |             32 |
|  clk_IBUF_BUFG | soc_inst/cpu/mem_ready_reg_1                     |                                      |                8 |             32 |
|  clk_IBUF_BUFG | soc_inst/cpu/mem_ready_reg_4                     |                                      |                8 |             32 |
|  clk_IBUF_BUFG | soc_inst/cpu/mem_ready_reg_3                     |                                      |                8 |             32 |
|  clk_IBUF_BUFG | soc_inst/cpu/mem_ready_reg_5                     |                                      |                8 |             32 |
|  clk_IBUF_BUFG | soc_inst/cpu/mem_ready_reg_0                     |                                      |                8 |             32 |
|  clk_IBUF_BUFG | soc_inst/cpu/mem_ready_reg_6                     |                                      |                8 |             32 |
|  clk_IBUF_BUFG | soc_inst/cpu/reg_op1[31]_i_1_n_0                 |                                      |               19 |             32 |
|  clk_IBUF_BUFG | soc_inst/cpu/reg_op2[31]_i_1_n_0                 |                                      |               10 |             32 |
|  clk_IBUF_BUFG | soc_inst/cpu/mem_addr_reg[10]_1                  |                                      |                8 |             32 |
|  clk_IBUF_BUFG | soc_inst/cpu/mem_addr_reg[11]_14                 |                                      |                8 |             32 |
|  clk_IBUF_BUFG | soc_inst/cpu/mem_addr_reg[10]_0                  |                                      |                8 |             32 |
|  clk_IBUF_BUFG | soc_inst/cpu/mem_addr_reg[11]_23                 |                                      |                8 |             32 |
|  clk_IBUF_BUFG | soc_inst/cpu/instr_lui0                          |                                      |               13 |             39 |
|  clk_IBUF_BUFG |                                                  | soc_inst/cpu/E[0]                    |               25 |             43 |
|  clk_IBUF_BUFG | soc_inst/cpu/mem_addr[31]_i_1_n_0                |                                      |               24 |             52 |
|  clk_IBUF_BUFG |                                                  |                                      |               27 |             59 |
|  clk_IBUF_BUFG | soc_inst/cpu/Q[4]                                | soc_inst/cpu/E[0]                    |               17 |             62 |
|  clk_IBUF_BUFG | soc_inst/cpu/cpuregs_reg_r1_0_31_0_5_i_1_n_0     |                                      |               12 |             96 |
+----------------+--------------------------------------------------+--------------------------------------+------------------+----------------+


